--------------------------------------------------------------------------------
Release 14.1 Trace  (nt64)
Copyright (c) 1995-2012 Xilinx, Inc.  All rights reserved.

C:\Xilinx\14.1\ISE_DS\ISE\bin\nt64\unwrapped\trce.exe -intstyle ise -v 3 -s 5
-n 3 -fastpaths -xml conv_7seg.twx conv_7seg.ncd -o conv_7seg.twr conv_7seg.pcf

Design file:              conv_7seg.ncd
Physical constraint file: conv_7seg.pcf
Device,package,speed:     xc3s1000,ft256,-5 (PRODUCTION 1.39 2012-04-23)
Report level:             verbose report

Environment Variable      Effect 
--------------------      ------ 
NONE                      No environment variables were set
--------------------------------------------------------------------------------

INFO:Timing:2698 - No timing constraints found, doing default enumeration.
INFO:Timing:3412 - To improve timing, see the Timing Closure User Guide (UG612).
INFO:Timing:2752 - To get complete path coverage, use the unconstrained paths 
   option. All paths that are not constrained will be reported in the 
   unconstrained paths section(s) of the report.
INFO:Timing:3339 - The clock-to-out numbers in this timing report are based on 
   a 50 Ohm transmission line loading model.  For the details of this model, 
   and for more information on accounting for different loading conditions, 
   please see the device datasheet.
INFO:Timing:3390 - This architecture does not support a default System Jitter 
   value, please add SYSTEM_JITTER constraint to the UCF to modify the Clock 
   Uncertainty calculation.
INFO:Timing:3389 - This architecture does not support 'Discrete Jitter' and 
   'Phase Error' calculations, these terms will be zero in the Clock 
   Uncertainty calculation.  Please make appropriate modification to 
   SYSTEM_JITTER to account for the unsupported Discrete Jitter and Phase 
   Error.



Data Sheet report:
-----------------
All values displayed in nanoseconds (ns)

Pad to Pad
---------------+---------------+---------+
Source Pad     |Destination Pad|  Delay  |
---------------+---------------+---------+
x<0>           |display<0>     |    7.104|
x<0>           |display<1>     |    6.964|
x<0>           |display<2>     |    6.708|
x<0>           |display<3>     |    6.371|
x<0>           |display<4>     |    6.762|
x<0>           |display<5>     |    6.363|
x<0>           |display<6>     |    6.569|
x<1>           |display<0>     |    6.935|
x<1>           |display<1>     |    7.161|
x<1>           |display<2>     |    6.900|
x<1>           |display<3>     |    6.568|
x<1>           |display<4>     |    6.661|
x<1>           |display<5>     |    6.555|
x<1>           |display<6>     |    6.805|
x<2>           |display<0>     |    6.967|
x<2>           |display<1>     |    7.130|
x<2>           |display<2>     |    6.948|
x<2>           |display<3>     |    6.537|
x<2>           |display<4>     |    6.729|
x<2>           |display<5>     |    6.603|
x<2>           |display<6>     |    6.569|
x<3>           |display<0>     |    7.780|
x<3>           |display<1>     |    7.642|
x<3>           |display<2>     |    7.447|
x<3>           |display<3>     |    7.049|
x<3>           |display<4>     |    7.611|
x<3>           |display<5>     |    7.102|
x<3>           |display<6>     |    6.682|
---------------+---------------+---------+


Analysis completed Mon Dec 19 21:24:33 2016 
--------------------------------------------------------------------------------

Trace Settings:
-------------------------
Trace Settings 

Peak Memory Usage: 163 MB



