EN cd NULL E:/prac4toctodo/prac4_toc_avan/CD.vhd sub00/vhpl00 1480504680
AR divisor struct E:/prac4toctodo/prac4_toc_avan/divisor.vhd sub00/vhpl05 1480504685
AR cd rtl E:/prac4toctodo/prac4_toc_avan/CD.vhd sub00/vhpl01 1480504681
AR uc rtl E:/prac4toctodo/prac4_toc_avan/UC.vhd sub00/vhpl03 1480504683
EN divisor NULL E:/prac4toctodo/prac4_toc_avan/divisor.vhd sub00/vhpl04 1480504684
EN uc NULL E:/prac4toctodo/prac4_toc_avan/UC.vhd sub00/vhpl02 1480504682
