EN cd NULL C:/TOC/divider/cd.vhd sub00/vhpl00 1480164331
AR cd rtl C:/TOC/divider/cd.vhd sub00/vhpl01 1480164332
AR divider struct C:/TOC/divider/divider.vhd sub00/vhpl05 1480164336
EN divider NULL C:/TOC/divider/divider.vhd sub00/vhpl04 1480164335
AR uc rtl C:/TOC/divider/uc.vhd sub00/vhpl03 1480164334
EN uc NULL C:/TOC/divider/uc.vhd sub00/vhpl02 1480164333
