AR um behavioral E:/practica3b/UM.vhd sub00/vhpl07 1479295063
EN iterative NULL E:/practica3a/iterative.vhd sub00/vhpl04 1479294500
EN cell NULL E:/practica3avanzado/cell.vhd sub00/vhpl02 1479297040
PH definitions NULL E:/practica3a/definitions.vhd sub00/vhpl00 1479294502
EN um NULL E:/practica3b/UM.vhd sub00/vhpl06 1479295062
PB definitions definitions C:/Users/Raquel/Desktop/UNI/xilinx/practica3a/definitions.vhd sub00/vhpl01 1478892297
AR cell behavioral E:/practica3a/cell.vhd sub00/vhpl03 1479294499
AR iterative behavioral E:/practica3a/iterative.vhd sub00/vhpl05 1479294501
