EN prac2b NULL C:/hlocal/workspaceEMM/practica2b/prac2b.vhd sub00/vhpl01 1477476506
AR muneca behaviour C:/hlocal/workspaceEMM/practica2b/prac2b.vhd sub00/vhpl04 1477478574
EN muneca NULL C:/hlocal/workspaceEMM/practica2b/prac2b.vhd sub00/vhpl03 1477478573
EN divisor1 NULL C:/hlocal/workspaceEMM/toc_clase/divisor1.vhd sub00/vhpl05 1477478571
AR divisor1 rtl C:/hlocal/workspaceEMM/toc_clase/divisor1.vhd sub00/vhpl06 1477478572
EN tb_muneca NULL C:/Users/usuario_local/Downloads/tb_muneca.vhd sub00/vhpl00 1477474134
AR prac2b behavioral C:/hlocal/workspaceEMM/practica2b/prac2b.vhd sub00/vhpl02 1477476507
