EN iterative NULL E:/prac3a/prac3a/iterative.vhd sub00/vhpl03 1479296646
EN cell NULL E:/prac3a/prac3a/cell.vhd sub00/vhpl01 1479296644
PH definitions NULL E:/prac3a/prac3a/definitions.vhd sub00/vhpl00 1479296643
AR cell behavioral E:/prac3a/prac3a/cell.vhd sub00/vhpl02 1479296645
AR iterative behavioral E:/prac3a/prac3a/iterative.vhd sub00/vhpl04 1479296647
